EVA_1_4_CREATE TABLE  
MySQL Shell 8.0.41

Copyright (c) 2016, 2025, Oracle and/or its affiliates.
Oracle is a registered trademark of Oracle Corporation and/or its affiliates.
Other names may be trademarks of their respective owners.

Type '\help' or '\?' for help; '\quit' to exit.
 MySQL  JS > \sql
Switching to SQL mode... Commands end with ;
 MySQL  SQL > \connect mc- root@localhost
Creating a session to 'root@localhost'
Fetching global names for auto-completion... Press ^C to stop.
Your MySQL connection id is 10 (X protocol)
Server version: 8.0.41 MySQL Community Server - GPL
No default schema selected; type \use <schema> to set one.
 MySQL  localhost:33060+ ssl  SQL > use tbd_eva1;
Default schema set to `tbd_eva1`.
Fetching global names, object names from `tbd_eva1` for auto-completion... Press ^C to stop.
 MySQL  localhost:33060+ ssl  tbd_eva1  SQL > create table vehiculo(
                                           -> marca varchar(20),
                                           -> modelo varchar(30),
                                           -> year int,
                                           -> color varchar(20),
                                           -> no_serie varchar(17));
Query OK, 0 rows affected (0.0891 sec)
 MySQL  localhost:33060+ ssl  tbd_eva1  SQL > desc vehiculo;
+----------+-------------+------+-----+---------+-------+
| Field    | Type        | Null | Key | Default | Extra |
+----------+-------------+------+-----+---------+-------+
| marca    | varchar(20) | YES  |     | NULL    |       |
| modelo   | varchar(30) | YES  |     | NULL    |       |
| year     | int         | YES  |     | NULL    |       |
| color    | varchar(20) | YES  |     | NULL    |       |
| no_serie | varchar(17) | YES  |     | NULL    |       |
+----------+-------------+------+-----+---------+-------+
5 rows in set (0.0144 sec)
 MySQL  localhost:33060+ ssl  tbd_eva1  SQL > show create table vehiculo;
+----------+----------------------------------------------------------------------------------------------------------------------------------------------------------------------------------------------------------------------------------------------------------------------------+
| Table    | Create Table

                                        |
+----------+----------------------------------------------------------------------------------------------------------------------------------------------------------------------------------------------------------------------------------------------------------------------------+
| vehiculo | CREATE TABLE `vehiculo` (
  `marca` varchar(20) DEFAULT NULL,
  `modelo` varchar(30) DEFAULT NULL,
  `year` int DEFAULT NULL,
  `color` varchar(20) DEFAULT NULL,
  `no_serie` varchar(17) DEFAULT NULL
) ENGINE=InnoDB DEFAULT CHARSET=utf8mb4 COLLATE=utf8mb4_0900_ai_ci |
+----------+----------------------------------------------------------------------------------------------------------------------------------------------------------------------------------------------------------------------------------------------------------------------------+
1 row in set (0.0024 sec)
 MySQL  localhost:33060+ ssl  tbd_eva1  SQL > show tables;
+--------------------+
| Tables_in_tbd_eva1 |
+--------------------+
| persona            |
| vehiculo           |
+--------------------+
2 rows in set (0.0027 sec)
 MySQL  localhost:33060+ ssl  tbd_eva1  SQL > desc vehiculo;
+----------+-------------+------+-----+---------+-------+
| Field    | Type        | Null | Key | Default | Extra |
+----------+-------------+------+-----+---------+-------+
| marca    | varchar(20) | YES  |     | NULL    |       |
| modelo   | varchar(30) | YES  |     | NULL    |       |
| year     | int         | YES  |     | NULL    |       |
| color    | varchar(20) | YES  |     | NULL    |       |
| no_serie | varchar(17) | YES  |     | NULL    |       |
+----------+-------------+------+-----+---------+-------+
5 rows in set (0.0035 sec)
 MySQL  localhost:33060+ ssl  tbd_eva1  SQL > insert into vehiculo
                                           -> value("Ford","Mustang",1970,"Azul","dfkhijdslag");
Query OK, 1 row affected (0.0182 sec)
 MySQL  localhost:33060+ ssl  tbd_eva1  SQL > insert into vehiculo(marca,modelo)
                                           -> value
                                           -> ("Chevrolet","Corvette");
Query OK, 1 row affected (0.0158 sec)
 MySQL  localhost:33060+ ssl  tbd_eva1  SQL > insert into vehiculo(marca.modelo)
                                           -> values("Tesla","S"),("Tesla","E"),("Tesla","X"),("Tesla","Y"),("Tesla","CyberPunk");
ERROR: 1054: Unknown column 'marca.modelo' in 'field list'
 MySQL  localhost:33060+ ssl  tbd_eva1  SQL > insert into vehiculo(marca,modelo) values("Tesla","S"),("Tesla","E"),("Tesla","X"),("Tesla","Y"),("Tesla","CyberPunk");
Query OK, 5 rows affected (0.0150 sec)

Records: 5  Duplicates: 0  Warnings: 0
 MySQL  localhost:33060+ ssl  tbd_eva1  SQL > select * from vehiculo;
+-----------+-----------+------+-------+-------------+
| marca     | modelo    | year | color | no_serie    |
+-----------+-----------+------+-------+-------------+
| Ford      | Mustang   | 1970 | Azul  | dfkhijdslag |
| Chevrolet | Corvette  | NULL | NULL  | NULL        |
| Tesla     | S         | NULL | NULL  | NULL        |
| Tesla     | E         | NULL | NULL  | NULL        |
| Tesla     | X         | NULL | NULL  | NULL        |
| Tesla     | Y         | NULL | NULL  | NULL        |
| Tesla     | CyberPunk | NULL | NULL  | NULL        |
+-----------+-----------+------+-------+-------------+
7 rows in set (0.0012 sec)
 MySQL  localhost:33060+ ssl  tbd_eva1  SQL > insert into vehiculo(marca,modelo)
                                           -> value("Tesla","S");
Query OK, 1 row affected (0.0144 sec)
 MySQL  localhost:33060+ ssl  tbd_eva1  SQL > selec * from vehiculo;
ERROR: 1064: You have an error in your SQL syntax; check the manual that corresponds to your MySQL server version for the right syntax to use near 'selec * from vehiculo' at line 1
 MySQL  localhost:33060+ ssl  tbd_eva1  SQL > select * from vehiculo;
+-----------+-----------+------+-------+-------------+
| marca     | modelo    | year | color | no_serie    |
+-----------+-----------+------+-------+-------------+
| Ford      | Mustang   | 1970 | Azul  | dfkhijdslag |
| Chevrolet | Corvette  | NULL | NULL  | NULL        |
| Tesla     | S         | NULL | NULL  | NULL        |
| Tesla     | E         | NULL | NULL  | NULL        |
| Tesla     | X         | NULL | NULL  | NULL        |
| Tesla     | Y         | NULL | NULL  | NULL        |
| Tesla     | CyberPunk | NULL | NULL  | NULL        |
| Tesla     | S         | NULL | NULL  | NULL        |
+-----------+-----------+------+-------+-------------+
8 rows in set (0.0014 sec)
 MySQL  localhost:33060+ ssl  tbd_eva1  SQL > select count(*) from vehiculo;
+----------+
| count(*) |
+----------+
|        8 |
+----------+
1 row in set (0.0231 sec)
 MySQL  localhost:33060+ ssl  tbd_eva1  SQL > insert into vehiculo
                                           -> value(null,null,null,null,null);
Query OK, 1 row affected (0.0166 sec)
 MySQL  localhost:33060+ ssl  tbd_eva1  SQL > select * from vehiculo;
+-----------+-----------+------+-------+-------------+
| marca     | modelo    | year | color | no_serie    |
+-----------+-----------+------+-------+-------------+
| Ford      | Mustang   | 1970 | Azul  | dfkhijdslag |
| Chevrolet | Corvette  | NULL | NULL  | NULL        |
| Tesla     | S         | NULL | NULL  | NULL        |
| Tesla     | E         | NULL | NULL  | NULL        |
| Tesla     | X         | NULL | NULL  | NULL        |
| Tesla     | Y         | NULL | NULL  | NULL        |
| Tesla     | CyberPunk | NULL | NULL  | NULL        |
| Tesla     | S         | NULL | NULL  | NULL        |
| NULL      | NULL      | NULL | NULL  | NULL        |
+-----------+-----------+------+-------+-------------+
9 rows in set (0.0010 sec)
 MySQL  localhost:33060+ ssl  tbd_eva1  SQL > create table prueba(
                                           -> dato varchar(20) not null);
Query OK, 0 rows affected (0.0649 sec)
 MySQL  localhost:33060+ ssl  tbd_eva1  SQL > desc prueba;
+-------+-------------+------+-----+---------+-------+
| Field | Type        | Null | Key | Default | Extra |
+-------+-------------+------+-----+---------+-------+
| dato  | varchar(20) | NO   |     | NULL    |       |
+-------+-------------+------+-----+---------+-------+
1 row in set (0.0033 sec)
 MySQL  localhost:33060+ ssl  tbd_eva1  SQL > insert into pruba
                                           -> value("Hola");
ERROR: 1146: Table 'tbd_eva1.pruba' doesn't exist
 MySQL  localhost:33060+ ssl  tbd_eva1  SQL > select * from prueba;
Empty set (0.0016 sec)
 MySQL  localhost:33060+ ssl  tbd_eva1  SQL > insert into prueba  value("Hola");
Query OK, 1 row affected (0.0161 sec)
 MySQL  localhost:33060+ ssl  tbd_eva1  SQL > select * from prueba;
+------+
| dato |
+------+
| Hola |
+------+
1 row in set (0.0011 sec)
 MySQL  localhost:33060+ ssl  tbd_eva1  SQL >